<html>
<body>
<pre>
<h1>µVision Build Log</h1>
<h2>Tool Versions:</h2>
IDE-Version: ¦ÌVision V5.14.0.0
Copyright (C) 2015 ARM Ltd and ARM Germany GmbH. All rights reserved.
License Information: 1 Administrator, 1, LIC=50DUH-WQ0NX-ZC7JY-IKU3B-4MU3P-1H9ZK
 
Tool Versions:
Toolchain:       MDK-ARM Professional  Version: 5.14.0.0
Toolchain Path:  D:\Program Files\MDK5.14\ARM\ARMCC\Bin
C Compiler:      Armcc.exe V5.05 update 1 (build 106)
Assembler:       Armasm.exe V5.05 update 1 (build 106)
Linker/Locator:  ArmLink.exe V5.05 update 1 (build 106)
Library Manager: ArmAr.exe V5.05 update 1 (build 106)
Hex Converter:   FromElf.exe V5.05 update 1 (build 106)
CPU DLL:         SARMCM3.DLL V5.14.0.0
Dialog DLL:      DARMSTM.DLL V1.65.0.0
Target DLL:      STLink\ST-LINKIII-KEIL_SWO.dll V2.0.14.0_KEIL
Dialog DLL:      TARMSTM.DLL V1.64.0.0
 
<h2>Project:</h2>
C:\Users\Administrator\Desktop\ADF4351\USER\Template.uvprojx
Project File Date:  07/31/2019

<h2>Output:</h2>
Build target 'Template'
compiling main.c...
..\HARDWARE\ADF4351\Freq_control.h(13): warning:  #1-D: last line of file ends without a newline
  #endif
main.c: 1 warning, 0 errors
compiling Freq_control.c...
..\HARDWARE\ADF4351\Freq_control.h(13): warning:  #1-D: last line of file ends without a newline
  #endif
..\HARDWARE\ADF4351\Freq_control.c: 1 warning, 0 errors
linking...
Program Size: Code=27676 RO-data=6348 RW-data=56 ZI-data=1848  
FromELF: creating hex file...
"..\OBJ\Template.axf" - 0 Error(s), 2 Warning(s).

<h2>Collection of Component include folders:</h2>
  C:\Users\Administrator\Desktop\ADF4351\USER\RTE
  D:\Program Files\MDK5.14\ARM\PACK\Keil\STM32F1xx_DFP\1.0.5\Device\Include

<h2>Collection of Component Files used:</h2>
</pre>
</body>
</html>
